#-----------------------------------------------------------
# Vivado v2019.2 (64-bit)
# SW Build 2708876 on Wed Nov  6 21:40:23 MST 2019
# IP Build 2700528 on Thu Nov  7 00:09:20 MST 2019
# Start of session at: Sat Nov 14 00:55:58 2020
# Process ID: 17432
# Current directory: D:/Software/Vivado/projects/prjct_ComputerArchitecture/exp2/soc_axi_lite_loongson/run_vivado/mycpu_prj1
# Command line: vivado.exe -gui_launcher_event rodinguilauncherevent17004 D:\Software\Vivado\projects\prjct_ComputerArchitecture\exp2\soc_axi_lite_loongson\run_vivado\mycpu_prj1\mycpu.xpr
# Log file: D:/Software/Vivado/projects/prjct_ComputerArchitecture/exp2/soc_axi_lite_loongson/run_vivado/mycpu_prj1/vivado.log
# Journal file: D:/Software/Vivado/projects/prjct_ComputerArchitecture/exp2/soc_axi_lite_loongson/run_vivado/mycpu_prj1\vivado.jou
#-----------------------------------------------------------
start_gui
open_project D:/Software/Vivado/projects/prjct_ComputerArchitecture/exp2/soc_axi_lite_loongson/run_vivado/mycpu_prj1/mycpu.xpr
update_compile_order -fileset sources_1
